{
	"name": "files-exclude",
	"private": true,
	"version": "1.0.0",
	"description": "files.exclude settings configured",
	"type": "module",
	"exports": {
		"./package.json": "./package.json",
		"./internal": "./internal/index.js",
		"./Test.svelte": "./Test.svelte",
		".": "./index.js"
	},
	"svelte": "./index.js"
}