{
	"name": "exports-replace",
	"private": true,
	"version": "1.0.0",
	"description": "replaces exports field",
	"type": "module",
	"exports": {
		".": {
			"import": "./index.js"
		},
		"./package.json": "./package.json"
	},
	"svelte": "./Test.svelte"
}