{
  "name": "assets",
	"private": true,
  "version": "1.0.0",
  "description": "no tampering assets",
  "type": "module",
  "exports": {
    "./package.json": "./package.json",
    "./kit.png": "./kit.png"
  }
}
