{
	"name": "emit-types",
	"private": true,
	"version": "1.0.0",
	"description": "emitTypes settings disabled",
	"type": "module",
	"exports": {
		"./package.json": "./package.json",
		"./Test.svelte": "./Test.svelte",
		"./Test2.svelte": "./Test2.svelte",
		".": "./index.js"
	},
	"svelte": "./index.js"
}