{
	"name": "javascript",
	"private": true,
	"version": "1.0.0",
	"description": "standard javascript package",
	"type": "module",
	"exports": {
		"./package.json": "./package.json",
		"./internal": "./internal/index.js",
		"./internal/Test.svelte": "./internal/Test.svelte",
		"./Test.svelte": "./Test.svelte",
		"./Test2.svelte": "./Test2.svelte",
		"./utils": "./utils.js",
		".": "./index.js"
	},
	"svelte": "./index.js"
}