{
	"name": "resolve-alias",
	"private": true,
	"version": "1.0.0",
	"description": "package using $lib alias",
	"type": "module",
	"exports": {
		"./package.json": "./package.json",
		"./Test.svelte": "./Test.svelte",
		"./utils": "./utils/index.js",
		".": "./index.js",
		"./baz": "./baz.js",
		"./sub/bar": "./sub/bar.js",
		"./sub/foo": "./sub/foo.js"
	},
	"svelte": "./index.js"
}
